[40m[2J[0;1;36m [D[39C[0;36m,[22C.[2H[6C.[8C[1;37m.  [0;31m.    [32m≤[5C[1;37m.  .[18C.[12C‹€€€€€‹[3H  [0;36m.   [31m.[5C[32m≤≤[1;37m.[0;32m≤ ≤ ∞≤  ≤∞≤≤   [1;37m.[7C.[5C[s
[u.[9C[0;31m.[7C[1;37m‹ﬂ€€€€€€€€‹[4H[10C[0;32m≤≤≤∞≤≤∞∞ ±≤∞≤≤∞∞ ≤∞≤  ±[28C[1m("""""[37mﬂ€€€€€€‹[5H[5C[0;36m.  [32m≤∞ ≤∞±±± ∞ ∞±±  ≤≤ ≤± ∞≤ ∞ ±[23C[31m.[1;32m(=[31m0 [32m| [31m0[s
[u[32m=)[37mﬂ€€€€€€‹[6H[6C[0;32m∞ ≤ ±±∞≤±∞±±≤±∞∞∞±∞∞±≤ ≤≤≤≤≤∞≤[5C[1;37m.[7C[36mÓ[10C[32m(   Í   ) [37m€€€€€€ﬂ[7H  [0;32m±≤ ≤≤≤≤∞±∞∞±∞∞≤±∞±∞±±∞≤±∞  ∞≤∞∞∞ ∞ ≤[15C[1;37m.[7C[32m(/__[s
[u_\)[37m‹€€€€€€ﬂ[8H [0;32m± ∞ ≤∞±∞[31m∞[32m±±≤±∞±≤∞∞±[31m∞[32m≤±∞≤∞±∞±∞∞[31m∞[32m± ≤±∞[6C[36m.[18C[1;37m‹'[32m^[37m' ‹€€€€€ﬂ[9H  [0;32m≤≤≤∞∞ ∞≤≤≤±[31m∞[32m±∞±≤±±≤∞±∞±∞≤±∞±[31m[s
[u∞[32m∞ ≤±  ∞≤±[9C[36m.[13C[1;37mﬂ€€€€€€€ﬂ[10H [0;32m≤∞ ∞ ∞≤∞≤∞±±±[31m∞[32m±±∞∞∞±±∞∞±∞≤±≤±±≤ ±≤ ≤ ∞[19C[1;36m.[6C[37mﬂﬂﬂﬂﬂ    [36mÌ[11H  [0;32m≤∞≤ ≤±∞∞± [1;37m. [0;32m≤ ≤[31m∞∞[s
[u[32m≤[31m∞∞[32m≤[31m∞ ∞[32m≤[31m∞ [32m∞±   ∞∞ ∞≤    [1;34m‹[7C‹   ‹[12H  [0;32m∞∞≤ ∞ ≤[31m∞[32m±≤≤ ≤ [31m∞∞[32m≤[31m∞[32m≤[31m∞[32m≤[31m∞∞[32m≤≤   [31m∞[32m∞≤≤[31m∞[32m∞[s
[u∞≤ ≤   [1;34m€   ﬂﬂ€ €   €   ‹‹‹ ››ﬁ €ﬂﬂ €ﬂﬂ €€‹[13H  [0;32m∞∞  ∞  [31m∞ [32m≤ ≤   [31m∞[1;30m∞[31mï [0;31m∞∞[1;30m∞[31m¢[0;31m∞∞ [32m≤∞[31m∞[32m≤[31m∞∞  [32m≤ ≤±   [1;34m€ﬂ€ €[s
[uﬂ€ €   €   € € ››ﬁ €ﬂ  €ﬂ  € ﬁ[14H [0;32m±  ∞∞≤ ∞[31m∞∞∞[5C∞∞∞∞∞∞∞∞∞∞∞∞∞∞∞∞[32m≤ ≤[7C[1;34m€ € €€€ €€€ €€€ €€€ €€ﬂ €€€ €€€ € ﬁ[15H  [0;32m± ± ± ∞  [31m∞∞∞∞  ∞∞∞∞[33m±[31m∞∞∞∞∞∞∞±∞∞  [s
[u[32m≤≤[26C[31m.[16H[13C∞∞∞∞∞∞[33m±∞±∞[31m±∞∞∞∞[24C[1;37m.[15C[36m.[5C[37m.[17H    .[7C.  [0;31m∞∞∞∞[33m∞±∞±∞[31m∞∞∞∞[7C[1;37m.[21C[0;30;47m≤[37;40m∞[30;47m≤[18H[40m[s
[u[47m[15C[31;40m∞∞∞∞∞[33m∞∞±∞[31m±∞∞∞  [1;37m.[15C[0m∞∞[8C[30;47m≤[1C[37;40m∞ [30;47m≤[19H[8C[1;37;40m.[7C[0;31m∞∞[33m±[31m∞∞[33m±[31m∞±∞∞∞∞[17C[37m∞[1;30;47m€[0m∞∞    ∞[s
[u[30;47m≤≤[37;40m∞[30;47m≤[37;40m∞[30;47m≤[37;40m∞[30;47m≤≤[37;40m∞[20H[16C[31m∞∞∞∞∞∞±∞∞∞∞∞[8C[1;36m.[7C[0;30;47m≤[1m€≤€[0m∞[30;47m≤[7C≤[37;40m∞[30;47m≤[10C[1;36;40m.[21H[s
[u[16C[0;31m±[33m±∞±[31m±∞∞∞±∞∞∞[16C[30;47m≤≤[37;40m∞∞[1;30;47m€[0;30;47m≤[7C≤[37;40m∞[30;47m≤[22H[3C[33;40mƒƒƒƒƒƒƒƒƒƒƒ  ±[31m±∞[33m±[31m±±∞±±∞±±    [33mƒƒƒƒƒƒƒƒƒƒƒ [37m∞[s
[u[1;30;47m€[0m∞∞∞∞ [33mƒƒƒƒƒ [30;47m≤[37;40m∞[30;47m≤[2C[33;40mƒƒƒƒƒƒƒƒƒƒƒƒƒƒƒƒ[23H [1;36m [D [D[0m
